[2024-03-16T10:53:24.337+0000][0.004s] Using G1
[2024-03-16T10:53:24.454+0000][0.121s] Version: 17.0.10+7 (release)
[2024-03-16T10:53:24.454+0000][0.121s] CPUs: 8 total, 8 available
[2024-03-16T10:53:24.455+0000][0.121s] Memory: 7841M
[2024-03-16T10:53:24.455+0000][0.121s] Large Page Support: Disabled
[2024-03-16T10:53:24.455+0000][0.122s] NUMA Support: Disabled
[2024-03-16T10:53:24.455+0000][0.122s] Compressed Oops: Enabled (32-bit)
[2024-03-16T10:53:24.455+0000][0.122s] Heap Region Size: 1M
[2024-03-16T10:53:24.455+0000][0.122s] Heap Min Capacity: 512M
[2024-03-16T10:53:24.455+0000][0.122s] Heap Initial Capacity: 512M
[2024-03-16T10:53:24.455+0000][0.122s] Heap Max Capacity: 512M
[2024-03-16T10:53:24.455+0000][0.122s] Pre-touch: Enabled
[2024-03-16T10:53:24.455+0000][0.122s] Parallel Workers: 8
[2024-03-16T10:53:24.456+0000][0.122s] Concurrent Workers: 2
[2024-03-16T10:53:24.456+0000][0.122s] Concurrent Refinement Workers: 8
[2024-03-16T10:53:24.456+0000][0.122s] Periodic GC: Disabled
[2024-03-16T10:53:24.463+0000][0.130s] CDS archive(s) mapped at: [0x000000f800000000-0x000000f800a5f000-0x000000f800a5f000), size 10874880, SharedBaseAddress: 0x000000f800000000, ArchiveRelocationMode: 1.
[2024-03-16T10:53:24.463+0000][0.130s] Compressed class space mapped at: 0x000000f801000000-0x000000f841000000, reserved size: 1073741824
[2024-03-16T10:53:24.463+0000][0.130s] Narrow klass base: 0x000000f800000000, Narrow klass shift: 0, Narrow klass range: 0x100000000
[2024-03-16T10:53:24.889+0000][0.556s] GC(0) Pause Young (Normal) (G1 Evacuation Pause)
[2024-03-16T10:53:24.889+0000][0.556s] GC(0) Using 8 workers of 8 for evacuation
[2024-03-16T10:53:24.892+0000][0.559s] GC(0)   Pre Evacuate Collection Set: 0.2ms
[2024-03-16T10:53:24.892+0000][0.559s] GC(0)   Merge Heap Roots: 0.1ms
[2024-03-16T10:53:24.892+0000][0.559s] GC(0)   Evacuate Collection Set: 2.1ms
[2024-03-16T10:53:24.893+0000][0.559s] GC(0)   Post Evacuate Collection Set: 0.3ms
[2024-03-16T10:53:24.893+0000][0.559s] GC(0)   Other: 0.4ms
[2024-03-16T10:53:24.893+0000][0.559s] GC(0) Eden regions: 29->0(58)
[2024-03-16T10:53:24.893+0000][0.559s] GC(0) Survivor regions: 0->4(4)
[2024-03-16T10:53:24.893+0000][0.559s] GC(0) Old regions: 0->1
[2024-03-16T10:53:24.893+0000][0.560s] GC(0) Archive regions: 2->2
[2024-03-16T10:53:24.893+0000][0.560s] GC(0) Humongous regions: 0->0
[2024-03-16T10:53:24.893+0000][0.560s] GC(0) Metaspace: 9971K(10240K)->9971K(10240K) NonClass: 8728K(8832K)->8728K(8832K) Class: 1242K(1408K)->1242K(1408K)
[2024-03-16T10:53:24.893+0000][0.560s] GC(0) Pause Young (Normal) (G1 Evacuation Pause) 29M->5M(512M) 3.780ms
[2024-03-16T10:53:24.893+0000][0.560s] GC(0) User=0.02s Sys=0.00s Real=0.00s
[2024-03-16T10:53:25.267+0000][0.934s] GC(1) Pause Young (Normal) (G1 Evacuation Pause)
[2024-03-16T10:53:25.267+0000][0.934s] GC(1) Using 8 workers of 8 for evacuation
[2024-03-16T10:53:25.272+0000][0.939s] GC(1)   Pre Evacuate Collection Set: 0.1ms
[2024-03-16T10:53:25.272+0000][0.939s] GC(1)   Merge Heap Roots: 0.0ms
[2024-03-16T10:53:25.272+0000][0.939s] GC(1)   Evacuate Collection Set: 4.3ms
[2024-03-16T10:53:25.272+0000][0.939s] GC(1)   Post Evacuate Collection Set: 0.4ms
[2024-03-16T10:53:25.272+0000][0.939s] GC(1)   Other: 0.2ms
[2024-03-16T10:53:25.272+0000][0.939s] GC(1) Eden regions: 55->0(180)
[2024-03-16T10:53:25.272+0000][0.939s] GC(1) Survivor regions: 4->8(8)
[2024-03-16T10:53:25.272+0000][0.939s] GC(1) Old regions: 1->9
[2024-03-16T10:53:25.272+0000][0.939s] GC(1) Archive regions: 2->2
[2024-03-16T10:53:25.272+0000][0.939s] GC(1) Humongous regions: 4->4
[2024-03-16T10:53:25.273+0000][0.939s] GC(1) Metaspace: 17860K(18112K)->17860K(18112K) NonClass: 15647K(15808K)->15647K(15808K) Class: 2213K(2304K)->2213K(2304K)
[2024-03-16T10:53:25.273+0000][0.939s] GC(1) Pause Young (Normal) (G1 Evacuation Pause) 64M->21M(512M) 5.440ms
[2024-03-16T10:53:25.273+0000][0.939s] GC(1) User=0.03s Sys=0.01s Real=0.00s
[2024-03-16T10:53:25.435+0000][1.102s] GC(2) Pause Young (Concurrent Start) (Metadata GC Threshold)
[2024-03-16T10:53:25.436+0000][1.102s] GC(2) Using 8 workers of 8 for evacuation
[2024-03-16T10:53:25.438+0000][1.105s] GC(2)   Pre Evacuate Collection Set: 0.1ms
[2024-03-16T10:53:25.438+0000][1.105s] GC(2)   Merge Heap Roots: 0.1ms
[2024-03-16T10:53:25.438+0000][1.105s] GC(2)   Evacuate Collection Set: 1.8ms
[2024-03-16T10:53:25.438+0000][1.105s] GC(2)   Post Evacuate Collection Set: 0.3ms
[2024-03-16T10:53:25.438+0000][1.105s] GC(2)   Other: 0.3ms
[2024-03-16T10:53:25.438+0000][1.105s] GC(2) Eden regions: 26->0(141)
[2024-03-16T10:53:25.438+0000][1.105s] GC(2) Survivor regions: 8->10(24)
[2024-03-16T10:53:25.438+0000][1.105s] GC(2) Old regions: 9->9
[2024-03-16T10:53:25.438+0000][1.105s] GC(2) Archive regions: 2->2
[2024-03-16T10:53:25.438+0000][1.105s] GC(2) Humongous regions: 4->4
[2024-03-16T10:53:25.438+0000][1.105s] GC(2) Metaspace: 21220K(21504K)->21220K(21504K) NonClass: 18594K(18752K)->18594K(18752K) Class: 2625K(2752K)->2625K(2752K)
[2024-03-16T10:53:25.439+0000][1.105s] GC(2) Pause Young (Concurrent Start) (Metadata GC Threshold) 47M->23M(512M) 3.076ms
[2024-03-16T10:53:25.439+0000][1.105s] GC(2) User=0.02s Sys=0.01s Real=0.00s
[2024-03-16T10:53:25.439+0000][1.105s] GC(3) Concurrent Mark Cycle
[2024-03-16T10:53:25.439+0000][1.106s] GC(3) Concurrent Clear Claimed Marks
[2024-03-16T10:53:25.439+0000][1.106s] GC(3) Concurrent Clear Claimed Marks 0.139ms
[2024-03-16T10:53:25.440+0000][1.106s] GC(3) Concurrent Scan Root Regions
[2024-03-16T10:53:25.441+0000][1.107s] GC(3) Concurrent Scan Root Regions 1.221ms
[2024-03-16T10:53:25.441+0000][1.108s] GC(3) Concurrent Mark
[2024-03-16T10:53:25.441+0000][1.108s] GC(3) Concurrent Mark From Roots
[2024-03-16T10:53:25.441+0000][1.108s] GC(3) Using 2 workers of 2 for marking
[2024-03-16T10:53:25.445+0000][1.111s] GC(3) Concurrent Mark From Roots 3.769ms
[2024-03-16T10:53:25.445+0000][1.111s] GC(3) Concurrent Preclean
[2024-03-16T10:53:25.445+0000][1.112s] GC(3) Concurrent Preclean 0.098ms
[2024-03-16T10:53:25.445+0000][1.112s] GC(3) Pause Remark
[2024-03-16T10:53:25.446+0000][1.113s] GC(3) Pause Remark 24M->24M(512M) 1.123ms
[2024-03-16T10:53:25.446+0000][1.113s] GC(3) User=0.00s Sys=0.00s Real=0.00s
[2024-03-16T10:53:25.446+0000][1.113s] GC(3) Concurrent Mark 5.373ms
[2024-03-16T10:53:25.446+0000][1.113s] GC(3) Concurrent Rebuild Remembered Sets
[2024-03-16T10:53:25.449+0000][1.115s] GC(3) Concurrent Rebuild Remembered Sets 2.250ms
[2024-03-16T10:53:25.450+0000][1.117s] GC(3) Pause Cleanup
[2024-03-16T10:53:25.450+0000][1.117s] GC(3) Pause Cleanup 25M->25M(512M) 0.113ms
[2024-03-16T10:53:25.450+0000][1.117s] GC(3) User=0.00s Sys=0.00s Real=0.00s
[2024-03-16T10:53:25.450+0000][1.117s] GC(3) Concurrent Cleanup for Next Mark
[2024-03-16T10:53:25.451+0000][1.118s] GC(3) Concurrent Cleanup for Next Mark 0.650ms
[2024-03-16T10:53:25.451+0000][1.118s] GC(3) Concurrent Mark Cycle 12.376ms
[2024-03-16T10:53:26.131+0000][1.798s] GC(4) Pause Young (Concurrent Start) (Metadata GC Threshold)
[2024-03-16T10:53:26.131+0000][1.798s] GC(4) Using 8 workers of 8 for evacuation
[2024-03-16T10:53:26.137+0000][1.803s] GC(4)   Pre Evacuate Collection Set: 0.1ms
[2024-03-16T10:53:26.137+0000][1.803s] GC(4)   Merge Heap Roots: 0.1ms
[2024-03-16T10:53:26.137+0000][1.803s] GC(4)   Evacuate Collection Set: 4.2ms
[2024-03-16T10:53:26.137+0000][1.803s] GC(4)   Post Evacuate Collection Set: 0.6ms
[2024-03-16T10:53:26.137+0000][1.804s] GC(4)   Other: 0.3ms
[2024-03-16T10:53:26.137+0000][1.804s] GC(4) Eden regions: 90->0(195)
[2024-03-16T10:53:26.137+0000][1.804s] GC(4) Survivor regions: 10->16(20)
[2024-03-16T10:53:26.137+0000][1.804s] GC(4) Old regions: 9->9
[2024-03-16T10:53:26.137+0000][1.804s] GC(4) Archive regions: 2->2
[2024-03-16T10:53:26.137+0000][1.804s] GC(4) Humongous regions: 4->4
[2024-03-16T10:53:26.137+0000][1.804s] GC(4) Metaspace: 35758K(36160K)->35758K(36160K) NonClass: 31272K(31488K)->31272K(31488K) Class: 4486K(4672K)->4486K(4672K)
[2024-03-16T10:53:26.137+0000][1.804s] GC(4) Pause Young (Concurrent Start) (Metadata GC Threshold) 113M->29M(512M) 5.940ms
[2024-03-16T10:53:26.137+0000][1.804s] GC(4) User=0.03s Sys=0.00s Real=0.01s
[2024-03-16T10:53:26.137+0000][1.804s] GC(5) Concurrent Mark Cycle
[2024-03-16T10:53:26.138+0000][1.805s] GC(5) Concurrent Clear Claimed Marks
[2024-03-16T10:53:26.138+0000][1.805s] GC(5) Concurrent Clear Claimed Marks 0.186ms
[2024-03-16T10:53:26.138+0000][1.805s] GC(5) Concurrent Scan Root Regions
[2024-03-16T10:53:26.141+0000][1.808s] GC(5) Concurrent Scan Root Regions 2.412ms
[2024-03-16T10:53:26.144+0000][1.811s] GC(5) Concurrent Mark
[2024-03-16T10:53:26.145+0000][1.812s] GC(5) Concurrent Mark From Roots
[2024-03-16T10:53:26.145+0000][1.812s] GC(5) Using 2 workers of 2 for marking
[2024-03-16T10:53:26.149+0000][1.816s] GC(5) Concurrent Mark From Roots 4.171ms
[2024-03-16T10:53:26.149+0000][1.816s] GC(5) Concurrent Preclean
[2024-03-16T10:53:26.150+0000][1.816s] GC(5) Concurrent Preclean 0.093ms
[2024-03-16T10:53:26.150+0000][1.816s] GC(5) Pause Remark
[2024-03-16T10:53:26.151+0000][1.818s] GC(5) Pause Remark 32M->32M(512M) 1.185ms
[2024-03-16T10:53:26.151+0000][1.818s] GC(5) User=0.00s Sys=0.00s Real=0.00s
[2024-03-16T10:53:26.151+0000][1.818s] GC(5) Concurrent Mark 6.918ms
[2024-03-16T10:53:26.151+0000][1.818s] GC(5) Concurrent Rebuild Remembered Sets
[2024-03-16T10:53:26.153+0000][1.820s] GC(5) Concurrent Rebuild Remembered Sets 2.306ms
[2024-03-16T10:53:26.155+0000][1.822s] GC(5) Pause Cleanup
[2024-03-16T10:53:26.155+0000][1.822s] GC(5) Pause Cleanup 33M->33M(512M) 0.124ms
[2024-03-16T10:53:26.155+0000][1.822s] GC(5) User=0.00s Sys=0.00s Real=0.00s
[2024-03-16T10:53:26.155+0000][1.822s] GC(5) Concurrent Cleanup for Next Mark
[2024-03-16T10:53:26.156+0000][1.823s] GC(5) Concurrent Cleanup for Next Mark 0.695ms
[2024-03-16T10:53:26.156+0000][1.823s] GC(5) Concurrent Mark Cycle 18.823ms
[2024-03-16T17:01:11.289+0000][18440.287s] GC(6) Pause Young (Concurrent Start) (G1 Evacuation Pause)
[2024-03-16T17:01:11.290+0000][18440.288s] GC(6) Using 8 workers of 8 for evacuation
[2024-03-16T17:01:11.368+0000][18440.366s] GC(6)   Pre Evacuate Collection Set: 2.0ms
[2024-03-16T17:01:11.368+0000][18440.366s] GC(6)   Merge Heap Roots: 0.3ms
[2024-03-16T17:01:11.368+0000][18440.366s] GC(6)   Evacuate Collection Set: 72.3ms
[2024-03-16T17:01:11.368+0000][18440.366s] GC(6)   Post Evacuate Collection Set: 2.7ms
[2024-03-16T17:01:11.368+0000][18440.366s] GC(6)   Other: 1.5ms
[2024-03-16T17:01:11.369+0000][18440.367s] GC(6) Eden regions: 202->0(227)
[2024-03-16T17:01:11.369+0000][18440.367s] GC(6) Survivor regions: 16->28(28)
[2024-03-16T17:01:11.369+0000][18440.367s] GC(6) Old regions: 9->13
[2024-03-16T17:01:11.369+0000][18440.367s] GC(6) Archive regions: 2->2
[2024-03-16T17:01:11.369+0000][18440.367s] GC(6) Humongous regions: 4->4
[2024-03-16T17:01:11.369+0000][18440.367s] GC(6) Metaspace: 56933K(57536K)->56933K(57536K) NonClass: 49647K(49984K)->49647K(49984K) Class: 7286K(7552K)->7286K(7552K)
[2024-03-16T17:01:11.369+0000][18440.367s] GC(6) Pause Young (Concurrent Start) (G1 Evacuation Pause) 231M->44M(512M) 79.895ms
[2024-03-16T17:01:11.369+0000][18440.367s] GC(6) User=0.56s Sys=0.00s Real=0.08s
[2024-03-16T17:01:11.369+0000][18440.367s] GC(7) Concurrent Mark Cycle
[2024-03-16T17:01:11.372+0000][18440.370s] GC(7) Concurrent Clear Claimed Marks
[2024-03-16T17:01:11.373+0000][18440.371s] GC(7) Concurrent Clear Claimed Marks 0.194ms
[2024-03-16T17:01:11.373+0000][18440.371s] GC(7) Concurrent Scan Root Regions
[2024-03-16T17:01:11.378+0000][18440.376s] GC(7) Concurrent Scan Root Regions 5.211ms
[2024-03-16T17:01:11.378+0000][18440.376s] GC(7) Concurrent Mark
[2024-03-16T17:01:11.378+0000][18440.376s] GC(7) Concurrent Mark From Roots
[2024-03-16T17:01:11.378+0000][18440.376s] GC(7) Using 2 workers of 2 for marking
[2024-03-16T17:01:11.383+0000][18440.381s] GC(7) Concurrent Mark From Roots 4.797ms
[2024-03-16T17:01:11.383+0000][18440.381s] GC(7) Concurrent Preclean
[2024-03-16T17:01:11.383+0000][18440.381s] GC(7) Concurrent Preclean 0.181ms
[2024-03-16T17:01:11.383+0000][18440.381s] GC(7) Pause Remark
[2024-03-16T17:01:11.388+0000][18440.386s] GC(7) Pause Remark 45M->45M(512M) 4.259ms
[2024-03-16T17:01:11.388+0000][18440.386s] GC(7) User=0.02s Sys=0.00s Real=0.00s
[2024-03-16T17:01:11.388+0000][18440.386s] GC(7) Concurrent Mark 9.854ms
[2024-03-16T17:01:11.388+0000][18440.386s] GC(7) Concurrent Rebuild Remembered Sets
[2024-03-16T17:01:11.391+0000][18440.389s] GC(7) Concurrent Rebuild Remembered Sets 2.737ms
[2024-03-16T17:01:11.392+0000][18440.389s] GC(7) Pause Cleanup
[2024-03-16T17:01:11.392+0000][18440.390s] GC(7) Pause Cleanup 45M->45M(512M) 0.145ms
[2024-03-16T17:01:11.392+0000][18440.390s] GC(7) User=0.00s Sys=0.00s Real=0.00s
[2024-03-16T17:01:11.392+0000][18440.390s] GC(7) Concurrent Cleanup for Next Mark
[2024-03-16T17:01:11.393+0000][18440.391s] GC(7) Concurrent Cleanup for Next Mark 1.275ms
[2024-03-16T17:01:11.393+0000][18440.391s] GC(7) Concurrent Mark Cycle 23.913ms
[2024-03-16T23:52:59.330+0000][39726.229s] Heap
[2024-03-16T23:52:59.330+0000][39726.230s]  garbage-first heap   total 524288K, used 79160K [0x00000000e0000000, 0x0000000100000000)
[2024-03-16T23:52:59.331+0000][39726.230s]   region size 1024K, 61 young (62464K), 28 survivors (28672K)
[2024-03-16T23:52:59.331+0000][39726.230s]  Metaspace       used 57878K, committed 58432K, reserved 1114112K
[2024-03-16T23:52:59.331+0000][39726.230s]   class space    used 7403K, committed 7680K, reserved 1048576K
