[2024-03-15T11:29:33.447+0000][0.003s] Using G1
[2024-03-15T11:29:33.598+0000][0.155s] Version: 17.0.10+7 (release)
[2024-03-15T11:29:33.609+0000][0.165s] CPUs: 8 total, 8 available
[2024-03-15T11:29:33.609+0000][0.165s] Memory: 7841M
[2024-03-15T11:29:33.609+0000][0.165s] Large Page Support: Disabled
[2024-03-15T11:29:33.609+0000][0.165s] NUMA Support: Disabled
[2024-03-15T11:29:33.609+0000][0.165s] Compressed Oops: Enabled (32-bit)
[2024-03-15T11:29:33.609+0000][0.165s] Heap Region Size: 1M
[2024-03-15T11:29:33.609+0000][0.165s] Heap Min Capacity: 512M
[2024-03-15T11:29:33.609+0000][0.166s] Heap Initial Capacity: 512M
[2024-03-15T11:29:33.609+0000][0.166s] Heap Max Capacity: 512M
[2024-03-15T11:29:33.610+0000][0.166s] Pre-touch: Enabled
[2024-03-15T11:29:33.610+0000][0.166s] Parallel Workers: 8
[2024-03-15T11:29:33.610+0000][0.166s] Concurrent Workers: 2
[2024-03-15T11:29:33.610+0000][0.166s] Concurrent Refinement Workers: 8
[2024-03-15T11:29:33.610+0000][0.166s] Periodic GC: Disabled
[2024-03-15T11:29:33.614+0000][0.170s] CDS archive(s) mapped at: [0x000000d000000000-0x000000d000a5f000-0x000000d000a5f000), size 10874880, SharedBaseAddress: 0x000000d000000000, ArchiveRelocationMode: 1.
[2024-03-15T11:29:33.624+0000][0.180s] Compressed class space mapped at: 0x000000d001000000-0x000000d041000000, reserved size: 1073741824
[2024-03-15T11:29:33.634+0000][0.191s] Narrow klass base: 0x000000d000000000, Narrow klass shift: 0, Narrow klass range: 0x100000000
[2024-03-15T11:29:34.020+0000][0.576s] GC(0) Pause Young (Normal) (G1 Evacuation Pause)
[2024-03-15T11:29:34.021+0000][0.577s] GC(0) Using 8 workers of 8 for evacuation
[2024-03-15T11:29:34.023+0000][0.580s] GC(0)   Pre Evacuate Collection Set: 0.1ms
[2024-03-15T11:29:34.024+0000][0.580s] GC(0)   Merge Heap Roots: 0.0ms
[2024-03-15T11:29:34.026+0000][0.582s] GC(0)   Evacuate Collection Set: 1.6ms
[2024-03-15T11:29:34.026+0000][0.582s] GC(0)   Post Evacuate Collection Set: 0.4ms
[2024-03-15T11:29:34.026+0000][0.582s] GC(0)   Other: 1.8ms
[2024-03-15T11:29:34.027+0000][0.583s] GC(0) Eden regions: 29->0(58)
[2024-03-15T11:29:34.027+0000][0.583s] GC(0) Survivor regions: 0->4(4)
[2024-03-15T11:29:34.027+0000][0.583s] GC(0) Old regions: 0->1
[2024-03-15T11:29:34.027+0000][0.583s] GC(0) Archive regions: 2->2
[2024-03-15T11:29:34.027+0000][0.583s] GC(0) Humongous regions: 0->0
[2024-03-15T11:29:34.027+0000][0.584s] GC(0) Metaspace: 9959K(10304K)->9959K(10304K) NonClass: 8715K(8896K)->8715K(8896K) Class: 1243K(1408K)->1243K(1408K)
[2024-03-15T11:29:34.027+0000][0.584s] GC(0) Pause Young (Normal) (G1 Evacuation Pause) 29M->5M(512M) 7.803ms
[2024-03-15T11:29:34.028+0000][0.584s] GC(0) User=0.01s Sys=0.00s Real=0.01s
[2024-03-15T11:29:34.342+0000][0.898s] GC(1) Pause Young (Normal) (G1 Evacuation Pause)
[2024-03-15T11:29:34.342+0000][0.898s] GC(1) Using 8 workers of 8 for evacuation
[2024-03-15T11:29:34.349+0000][0.905s] GC(1)   Pre Evacuate Collection Set: 0.1ms
[2024-03-15T11:29:34.349+0000][0.905s] GC(1)   Merge Heap Roots: 0.0ms
[2024-03-15T11:29:34.349+0000][0.905s] GC(1)   Evacuate Collection Set: 5.9ms
[2024-03-15T11:29:34.349+0000][0.905s] GC(1)   Post Evacuate Collection Set: 0.5ms
[2024-03-15T11:29:34.349+0000][0.905s] GC(1)   Other: 0.4ms
[2024-03-15T11:29:34.349+0000][0.905s] GC(1) Eden regions: 55->0(82)
[2024-03-15T11:29:34.349+0000][0.905s] GC(1) Survivor regions: 4->8(8)
[2024-03-15T11:29:34.349+0000][0.906s] GC(1) Old regions: 1->9
[2024-03-15T11:29:34.349+0000][0.906s] GC(1) Archive regions: 2->2
[2024-03-15T11:29:34.350+0000][0.906s] GC(1) Humongous regions: 4->4
[2024-03-15T11:29:34.350+0000][0.906s] GC(1) Metaspace: 17842K(18048K)->17842K(18048K) NonClass: 15636K(15744K)->15636K(15744K) Class: 2205K(2304K)->2205K(2304K)
[2024-03-15T11:29:34.350+0000][0.906s] GC(1) Pause Young (Normal) (G1 Evacuation Pause) 64M->21M(512M) 8.022ms
[2024-03-15T11:29:34.350+0000][0.906s] GC(1) User=0.03s Sys=0.01s Real=0.00s
[2024-03-15T11:29:34.473+0000][1.029s] GC(2) Pause Young (Concurrent Start) (Metadata GC Threshold)
[2024-03-15T11:29:34.473+0000][1.029s] GC(2) Using 8 workers of 8 for evacuation
[2024-03-15T11:29:34.476+0000][1.032s] GC(2)   Pre Evacuate Collection Set: 0.1ms
[2024-03-15T11:29:34.476+0000][1.032s] GC(2)   Merge Heap Roots: 0.1ms
[2024-03-15T11:29:34.476+0000][1.033s] GC(2)   Evacuate Collection Set: 2.0ms
[2024-03-15T11:29:34.477+0000][1.033s] GC(2)   Post Evacuate Collection Set: 0.4ms
[2024-03-15T11:29:34.477+0000][1.033s] GC(2)   Other: 0.5ms
[2024-03-15T11:29:34.477+0000][1.033s] GC(2) Eden regions: 27->0(85)
[2024-03-15T11:29:34.477+0000][1.033s] GC(2) Survivor regions: 8->7(12)
[2024-03-15T11:29:34.477+0000][1.033s] GC(2) Old regions: 9->12
[2024-03-15T11:29:34.477+0000][1.033s] GC(2) Archive regions: 2->2
[2024-03-15T11:29:34.477+0000][1.033s] GC(2) Humongous regions: 4->4
[2024-03-15T11:29:34.477+0000][1.034s] GC(2) Metaspace: 21221K(21504K)->21221K(21504K) NonClass: 18600K(18752K)->18600K(18752K) Class: 2621K(2752K)->2621K(2752K)
[2024-03-15T11:29:34.478+0000][1.034s] GC(2) Pause Young (Concurrent Start) (Metadata GC Threshold) 48M->23M(512M) 4.632ms
[2024-03-15T11:29:34.478+0000][1.034s] GC(2) User=0.01s Sys=0.00s Real=0.00s
[2024-03-15T11:29:34.478+0000][1.034s] GC(3) Concurrent Mark Cycle
[2024-03-15T11:29:34.482+0000][1.038s] GC(3) Concurrent Clear Claimed Marks
[2024-03-15T11:29:34.482+0000][1.038s] GC(3) Concurrent Clear Claimed Marks 0.207ms
[2024-03-15T11:29:34.482+0000][1.038s] GC(3) Concurrent Scan Root Regions
[2024-03-15T11:29:34.484+0000][1.040s] GC(3) Concurrent Scan Root Regions 1.966ms
[2024-03-15T11:29:34.485+0000][1.041s] GC(3) Concurrent Mark
[2024-03-15T11:29:34.486+0000][1.042s] GC(3) Concurrent Mark From Roots
[2024-03-15T11:29:34.486+0000][1.042s] GC(3) Using 2 workers of 2 for marking
[2024-03-15T11:29:34.491+0000][1.047s] GC(3) Concurrent Mark From Roots 5.305ms
[2024-03-15T11:29:34.492+0000][1.048s] GC(3) Concurrent Preclean
[2024-03-15T11:29:34.492+0000][1.048s] GC(3) Concurrent Preclean 0.363ms
[2024-03-15T11:29:34.493+0000][1.049s] GC(3) Pause Remark
[2024-03-15T11:29:34.494+0000][1.050s] GC(3) Pause Remark 27M->27M(512M) 1.529ms
[2024-03-15T11:29:34.494+0000][1.051s] GC(3) User=0.00s Sys=0.00s Real=0.00s
[2024-03-15T11:29:34.495+0000][1.051s] GC(3) Concurrent Mark 10.084ms
[2024-03-15T11:29:34.495+0000][1.051s] GC(3) Concurrent Rebuild Remembered Sets
[2024-03-15T11:29:34.495+0000][1.052s] GC(3) Concurrent Rebuild Remembered Sets 0.269ms
[2024-03-15T11:29:34.497+0000][1.053s] GC(3) Pause Cleanup
[2024-03-15T11:29:34.497+0000][1.053s] GC(3) Pause Cleanup 27M->27M(512M) 0.206ms
[2024-03-15T11:29:34.497+0000][1.053s] GC(3) User=0.00s Sys=0.00s Real=0.00s
[2024-03-15T11:29:34.497+0000][1.053s] GC(3) Concurrent Cleanup for Next Mark
[2024-03-15T11:29:34.498+0000][1.054s] GC(3) Concurrent Cleanup for Next Mark 0.933ms
[2024-03-15T11:29:34.498+0000][1.055s] GC(3) Concurrent Mark Cycle 20.455ms
[2024-03-15T11:29:35.248+0000][1.805s] GC(4) Pause Young (Concurrent Start) (G1 Evacuation Pause)
[2024-03-15T11:29:35.249+0000][1.805s] GC(4) Using 8 workers of 8 for evacuation
[2024-03-15T11:29:35.261+0000][1.817s] GC(4)   Pre Evacuate Collection Set: 0.2ms
[2024-03-15T11:29:35.264+0000][1.820s] GC(4)   Merge Heap Roots: 0.1ms
[2024-03-15T11:29:35.265+0000][1.821s] GC(4)   Evacuate Collection Set: 10.4ms
[2024-03-15T11:29:35.276+0000][1.832s] GC(4)   Post Evacuate Collection Set: 0.7ms
[2024-03-15T11:29:35.276+0000][1.832s] GC(4)   Other: 0.9ms
[2024-03-15T11:29:35.287+0000][1.843s] GC(4) Eden regions: 85->0(161)
[2024-03-15T11:29:35.290+0000][1.846s] GC(4) Survivor regions: 7->8(12)
[2024-03-15T11:29:35.290+0000][1.847s] GC(4) Old regions: 12->17
[2024-03-15T11:29:35.291+0000][1.847s] GC(4) Archive regions: 2->2
[2024-03-15T11:29:35.291+0000][1.847s] GC(4) Humongous regions: 4->4
[2024-03-15T11:29:35.292+0000][1.848s] GC(4) Metaspace: 36005K(36480K)->36005K(36480K) NonClass: 31454K(31680K)->31454K(31680K) Class: 4550K(4800K)->4550K(4800K)
[2024-03-15T11:29:35.292+0000][1.849s] GC(4) Pause Young (Concurrent Start) (G1 Evacuation Pause) 108M->29M(512M) 44.016ms
[2024-03-15T11:29:35.293+0000][1.850s] GC(4) User=0.03s Sys=0.00s Real=0.05s
[2024-03-15T11:29:35.294+0000][1.850s] GC(5) Concurrent Mark Cycle
[2024-03-15T11:29:35.295+0000][1.851s] GC(5) Concurrent Clear Claimed Marks
[2024-03-15T11:29:35.297+0000][1.853s] GC(5) Concurrent Clear Claimed Marks 1.524ms
[2024-03-15T11:29:35.297+0000][1.853s] GC(5) Concurrent Scan Root Regions
[2024-03-15T11:29:35.300+0000][1.856s] GC(5) Concurrent Scan Root Regions 2.705ms
[2024-03-15T11:29:35.300+0000][1.857s] GC(5) Concurrent Mark
[2024-03-15T11:29:35.301+0000][1.857s] GC(5) Concurrent Mark From Roots
[2024-03-15T11:29:35.302+0000][1.858s] GC(5) Using 2 workers of 2 for marking
[2024-03-15T11:29:35.307+0000][1.863s] GC(5) Concurrent Mark From Roots 5.583ms
[2024-03-15T11:29:35.308+0000][1.864s] GC(5) Concurrent Preclean
[2024-03-15T11:29:35.309+0000][1.865s] GC(5) Concurrent Preclean 0.746ms
[2024-03-15T11:29:35.311+0000][1.867s] GC(5) Pause Remark
[2024-03-15T11:29:35.313+0000][1.869s] GC(5) Pause Remark 32M->32M(512M) 2.010ms
[2024-03-15T11:29:35.313+0000][1.869s] GC(5) User=0.00s Sys=0.00s Real=0.00s
[2024-03-15T11:29:35.313+0000][1.869s] GC(5) Concurrent Mark 12.843ms
[2024-03-15T11:29:35.316+0000][1.872s] GC(5) Concurrent Rebuild Remembered Sets
[2024-03-15T11:29:35.322+0000][1.879s] GC(5) Concurrent Rebuild Remembered Sets 6.143ms
[2024-03-15T11:29:35.324+0000][1.880s] GC(5) Pause Cleanup
[2024-03-15T11:29:35.324+0000][1.880s] GC(5) Pause Cleanup 34M->34M(512M) 0.367ms
[2024-03-15T11:29:35.324+0000][1.881s] GC(5) User=0.00s Sys=0.00s Real=0.00s
[2024-03-15T11:29:35.325+0000][1.881s] GC(5) Concurrent Cleanup for Next Mark
[2024-03-15T11:29:35.327+0000][1.883s] GC(5) Concurrent Cleanup for Next Mark 2.097ms
[2024-03-15T11:29:35.328+0000][1.884s] GC(5) Concurrent Mark Cycle 33.872ms
[2024-03-15T11:45:06.056+0000][932.591s] GC(6) Pause Young (Concurrent Start) (G1 Evacuation Pause)
[2024-03-15T11:45:06.056+0000][932.592s] GC(6) Using 8 workers of 8 for evacuation
[2024-03-15T11:45:06.119+0000][932.655s] GC(6)   Pre Evacuate Collection Set: 0.5ms
[2024-03-15T11:45:06.120+0000][932.655s] GC(6)   Merge Heap Roots: 0.1ms
[2024-03-15T11:45:06.120+0000][932.655s] GC(6)   Evacuate Collection Set: 60.6ms
[2024-03-15T11:45:06.120+0000][932.655s] GC(6)   Post Evacuate Collection Set: 1.2ms
[2024-03-15T11:45:06.120+0000][932.655s] GC(6)   Other: 1.0ms
[2024-03-15T11:45:06.120+0000][932.655s] GC(6) Eden regions: 161->0(285)
[2024-03-15T11:45:06.120+0000][932.655s] GC(6) Survivor regions: 8->22(22)
[2024-03-15T11:45:06.120+0000][932.655s] GC(6) Old regions: 17->19
[2024-03-15T11:45:06.120+0000][932.655s] GC(6) Archive regions: 2->2
[2024-03-15T11:45:06.120+0000][932.655s] GC(6) Humongous regions: 5->5
[2024-03-15T11:45:06.120+0000][932.655s] GC(6) Metaspace: 52618K(53184K)->52618K(53184K) NonClass: 45831K(46144K)->45831K(46144K) Class: 6786K(7040K)->6786K(7040K)
[2024-03-15T11:45:06.120+0000][932.655s] GC(6) Pause Young (Concurrent Start) (G1 Evacuation Pause) 191M->46M(512M) 64.313ms
[2024-03-15T11:45:06.120+0000][932.656s] GC(6) User=0.49s Sys=0.00s Real=0.06s
[2024-03-15T11:45:06.121+0000][932.656s] GC(7) Concurrent Mark Cycle
[2024-03-15T11:45:06.123+0000][932.658s] GC(7) Concurrent Clear Claimed Marks
[2024-03-15T11:45:06.124+0000][932.659s] GC(7) Concurrent Clear Claimed Marks 0.980ms
[2024-03-15T11:45:06.124+0000][932.659s] GC(7) Concurrent Scan Root Regions
[2024-03-15T11:45:06.131+0000][932.666s] GC(7) Concurrent Scan Root Regions 6.357ms
[2024-03-15T11:45:06.131+0000][932.666s] GC(7) Concurrent Mark
[2024-03-15T11:45:06.131+0000][932.666s] GC(7) Concurrent Mark From Roots
[2024-03-15T11:45:06.131+0000][932.666s] GC(7) Using 2 workers of 2 for marking
[2024-03-15T11:45:06.138+0000][932.673s] GC(7) Concurrent Mark From Roots 7.436ms
[2024-03-15T11:45:06.138+0000][932.673s] GC(7) Concurrent Preclean
[2024-03-15T11:45:06.139+0000][932.674s] GC(7) Concurrent Preclean 0.188ms
[2024-03-15T11:45:06.139+0000][932.674s] GC(7) Pause Remark
[2024-03-15T11:45:06.151+0000][932.686s] GC(7) Pause Remark 47M->47M(512M) 11.918ms
[2024-03-15T11:45:06.151+0000][932.686s] GC(7) User=0.08s Sys=0.00s Real=0.01s
[2024-03-15T11:45:06.151+0000][932.686s] GC(7) Concurrent Mark 20.090ms
[2024-03-15T11:45:06.152+0000][932.687s] GC(7) Concurrent Rebuild Remembered Sets
[2024-03-15T11:45:06.159+0000][932.694s] GC(7) Concurrent Rebuild Remembered Sets 7.504ms
[2024-03-15T11:45:06.162+0000][932.697s] GC(7) Pause Cleanup
[2024-03-15T11:45:06.162+0000][932.697s] GC(7) Pause Cleanup 47M->47M(512M) 0.203ms
[2024-03-15T11:45:06.162+0000][932.697s] GC(7) User=0.00s Sys=0.00s Real=0.00s
[2024-03-15T11:45:06.162+0000][932.698s] GC(7) Concurrent Cleanup for Next Mark
[2024-03-15T11:45:06.165+0000][932.700s] GC(7) Concurrent Cleanup for Next Mark 2.540ms
[2024-03-15T11:45:06.165+0000][932.700s] GC(7) Concurrent Mark Cycle 44.521ms
[2024-03-15T21:13:52.906+0000][34374.390s] Heap
[2024-03-15T21:13:52.907+0000][34374.391s]  garbage-first heap   total 524288K, used 226629K [0x00000000e0000000, 0x0000000100000000)
[2024-03-15T21:13:52.907+0000][34374.391s]   region size 1024K, 197 young (201728K), 22 survivors (22528K)
[2024-03-15T21:13:52.907+0000][34374.391s]  Metaspace       used 58193K, committed 58752K, reserved 1114112K
[2024-03-15T21:13:52.907+0000][34374.391s]   class space    used 7379K, committed 7616K, reserved 1048576K
